Copyright 1986-2022 Xilinx, Inc. All Rights Reserved. Copyright 2022-2024 Advanced Micro Devices, Inc. All Rights Reserved.
---------------------------------------------------------------------------------------------------------------------------------------------
| Tool Version : Vivado v.2024.1 (lin64) Build 5076996 Wed May 22 18:36:09 MDT 2024
| Date         : Thu Apr 16 18:29:16 2026
| Host         : projet1 running 64-bit Ubuntu 20.04.6 LTS
| Command      : report_timing -nworst 1 -delay_type max -sort_by group -file reports_cva6_fpga_impl/cva6_fpga.timing.rpt
| Design       : cva6_zybo_z7_20
| Device       : 7z020-clg400
| Speed File   : -1  PRODUCTION 1.12 2019-11-22
| Design State : Routed
---------------------------------------------------------------------------------------------------------------------------------------------

Timing Report

Slack (MET) :             0.480ns  (required time - arrival time)
  Source:                 i_ariane/i_cva6/gen_cache_hpd.i_cache_subsystem/i_dcache/i_hpdcache/hpdcache_ctrl_i/hpdcache_memctrl_i/gen_dir_sram[1].dir_sram/ram_i/mem_reg/CLKARDCLK
                            (rising edge-triggered cell RAMB18E1 clocked by clk_out1_xlnx_clk_gen  {rise@0.000ns fall@15.625ns period=31.250ns})
  Destination:            i_ariane/i_cva6/issue_stage_i/i_scoreboard/mem_q_reg[0][sbe][rd][2]/D
                            (rising edge-triggered cell FDCE clocked by clk_out1_xlnx_clk_gen  {rise@0.000ns fall@15.625ns period=31.250ns})
  Path Group:             clk_out1_xlnx_clk_gen
  Path Type:              Setup (Max at Slow Process Corner)
  Requirement:            31.250ns  (clk_out1_xlnx_clk_gen rise@31.250ns - clk_out1_xlnx_clk_gen rise@0.000ns)
  Data Path Delay:        30.113ns  (logic 7.768ns (25.796%)  route 22.345ns (74.204%))
  Logic Levels:           34  (CARRY4=2 LUT2=3 LUT3=1 LUT4=3 LUT5=6 LUT6=18 MUXF7=1)
  Clock Path Skew:        -0.317ns (DCD - SCD + CPR)
    Destination Clock Delay (DCD):    -1.619ns = ( 29.631 - 31.250 ) 
    Source Clock Delay      (SCD):    -0.850ns
    Clock Pessimism Removal (CPR):    0.453ns
  Clock Uncertainty:      0.085ns  ((TSJ^2 + DJ^2)^1/2) / 2 + PE
    Total System Jitter     (TSJ):    0.071ns
    Discrete Jitter          (DJ):    0.155ns
    Phase Error              (PE):    0.000ns

    Location             Delay type                Incr(ns)  Path(ns)    Netlist Resource(s)
  -------------------------------------------------------------------    -------------------
                         (clock clk_out1_xlnx_clk_gen rise edge)
                                                      0.000     0.000 r  
    K17                                               0.000     0.000 r  clk_sys (IN)
                         net (fo=0)                   0.000     0.000    i_xlnx_clk_gen/inst/clk_in1
    K17                  IBUF (Prop_ibuf_I_O)         1.475     1.475 r  i_xlnx_clk_gen/inst/clkin1_ibufg/O
                         net (fo=1, routed)           1.285     2.760    i_xlnx_clk_gen/inst/clk_in1_xlnx_clk_gen
    MMCME2_ADV_X1Y2      MMCME2_ADV (Prop_mmcme2_adv_CLKIN1_CLKOUT0)
                                                     -7.759    -4.999 r  i_xlnx_clk_gen/inst/mmcm_adv_inst/CLKOUT0
                         net (fo=1, routed)           2.206    -2.793    i_xlnx_clk_gen/inst/clk_out1_xlnx_clk_gen
    BUFGCTRL_X0Y16       BUFG (Prop_bufg_I_O)         0.101    -2.692 r  i_xlnx_clk_gen/inst/clkout1_buf/O
                         net (fo=15309, routed)       1.842    -0.850    i_ariane/i_cva6/gen_cache_hpd.i_cache_subsystem/i_dcache/i_hpdcache/hpdcache_ctrl_i/hpdcache_memctrl_i/gen_dir_sram[1].dir_sram/ram_i/clk_out1
    RAMB18_X4Y16         RAMB18E1                                     r  i_ariane/i_cva6/gen_cache_hpd.i_cache_subsystem/i_dcache/i_hpdcache/hpdcache_ctrl_i/hpdcache_memctrl_i/gen_dir_sram[1].dir_sram/ram_i/mem_reg/CLKARDCLK
  -------------------------------------------------------------------    -------------------
    RAMB18_X4Y16         RAMB18E1 (Prop_ramb18e1_CLKARDCLK_DOADO[2])
                                                      2.454     1.604 r  i_ariane/i_cva6/gen_cache_hpd.i_cache_subsystem/i_dcache/i_hpdcache/hpdcache_ctrl_i/hpdcache_memctrl_i/gen_dir_sram[1].dir_sram/ram_i/mem_reg/DOADO[2]
                         net (fo=6, routed)           1.171     2.776    i_ariane/i_cva6/gen_cache_hpd.i_cache_subsystem/i_dcache/i_hpdcache/hpdcache_ctrl_i/hpdcache_memctrl_i/gen_dir_sram[1].dir_sram/ram_i/DOADO[2]
    SLICE_X90Y41         LUT6 (Prop_lut6_I2_O)        0.124     2.900 r  i_ariane/i_cva6/gen_cache_hpd.i_cache_subsystem/i_dcache/i_hpdcache/hpdcache_ctrl_i/hpdcache_memctrl_i/gen_dir_sram[1].dir_sram/ram_i/req_q[0][way_fetch][0]_i_11/O
                         net (fo=1, routed)           0.000     2.900    i_ariane/i_cva6/gen_cache_hpd.i_cache_subsystem/i_dcache/i_hpdcache/hpdcache_ctrl_i/hpdcache_memctrl_i/gen_dir_sram[1].dir_sram/ram_i/req_q[0][way_fetch][0]_i_11_n_0
    SLICE_X90Y41         CARRY4 (Prop_carry4_S[0]_CO[3])
                                                      0.513     3.413 r  i_ariane/i_cva6/gen_cache_hpd.i_cache_subsystem/i_dcache/i_hpdcache/hpdcache_ctrl_i/hpdcache_memctrl_i/gen_dir_sram[1].dir_sram/ram_i/req_q_reg[0][way_fetch][0]_i_3/CO[3]
                         net (fo=1, routed)           0.000     3.413    i_ariane/i_cva6/gen_cache_hpd.i_cache_subsystem/i_dcache/i_hpdcache/hpdcache_ctrl_i/hpdcache_memctrl_i/gen_dir_sram[1].dir_sram/ram_i/req_q_reg[0][way_fetch][0]_i_3_n_0
    SLICE_X90Y42         CARRY4 (Prop_carry4_CI_CO[3])
                                                      0.117     3.530 r  i_ariane/i_cva6/gen_cache_hpd.i_cache_subsystem/i_dcache/i_hpdcache/hpdcache_ctrl_i/hpdcache_memctrl_i/gen_dir_sram[1].dir_sram/ram_i/req_q_reg[0][way_fetch][0]_i_2/CO[3]
                         net (fo=58, routed)          1.142     4.672    i_ariane/i_cva6/gen_cache_hpd.i_cache_subsystem/i_dcache/i_hpdcache/hpdcache_ctrl_i/hpdcache_memctrl_i/gen_dir_sram[1].dir_sram/ram_i/CO[0]
    SLICE_X88Y44         LUT2 (Prop_lut2_I0_O)        0.118     4.790 r  i_ariane/i_cva6/gen_cache_hpd.i_cache_subsystem/i_dcache/i_hpdcache/hpdcache_ctrl_i/hpdcache_memctrl_i/gen_dir_sram[1].dir_sram/ram_i/st2_dir_updt_way_q[1]_i_2/O
                         net (fo=4, routed)           0.685     5.475    i_ariane/i_cva6/gen_cache_hpd.i_cache_subsystem/i_dcache/i_hpdcache/hpdcache_ctrl_i/hpdcache_memctrl_i/gen_dir_sram[0].dir_sram/ram_i/st1_dir_hit_way[0]
    SLICE_X88Y45         LUT6 (Prop_lut6_I4_O)        0.326     5.801 r  i_ariane/i_cva6/gen_cache_hpd.i_cache_subsystem/i_dcache/i_hpdcache/hpdcache_ctrl_i/hpdcache_memctrl_i/gen_dir_sram[0].dir_sram/ram_i/st2_dir_updt_valid_q_i_11/O
                         net (fo=10, routed)          1.014     6.814    i_ariane/i_cva6/gen_cache_hpd.i_cache_subsystem/i_dcache/i_hpdcache/hpdcache_ctrl_i/hpdcache_memctrl_i/gen_dir_sram[0].dir_sram/ram_i/mem_reg_32
    SLICE_X79Y46         LUT5 (Prop_lut5_I2_O)        0.124     6.938 f  i_ariane/i_cva6/gen_cache_hpd.i_cache_subsystem/i_dcache/i_hpdcache/hpdcache_ctrl_i/hpdcache_memctrl_i/gen_dir_sram[0].dir_sram/ram_i/deps_q[0][flush_hit]_i_7/O
                         net (fo=9, routed)           0.698     7.636    i_ariane/i_cva6/gen_cache_hpd.i_cache_subsystem/i_dcache/i_hpdcache/hpdcache_ctrl_i/hpdcache_memctrl_i/gen_dir_sram[0].dir_sram/ram_i/st1_req_q_reg[pma][wr_policy_hint][0]_0
    SLICE_X79Y46         LUT5 (Prop_lut5_I2_O)        0.124     7.760 r  i_ariane/i_cva6/gen_cache_hpd.i_cache_subsystem/i_dcache/i_hpdcache/hpdcache_ctrl_i/hpdcache_memctrl_i/gen_dir_sram[0].dir_sram/ram_i/deps_q[0][wbuf_not_ready]_i_6/O
                         net (fo=2, routed)           0.445     8.205    i_ariane/i_cva6/gen_cache_hpd.i_cache_subsystem/i_dcache/i_hpdcache/hpdcache_ctrl_i/hpdcache_memctrl_i/gen_dir_sram[0].dir_sram/ram_i/mem_reg_37
    SLICE_X79Y46         LUT5 (Prop_lut5_I0_O)        0.124     8.329 r  i_ariane/i_cva6/gen_cache_hpd.i_cache_subsystem/i_dcache/i_hpdcache/hpdcache_ctrl_i/hpdcache_memctrl_i/gen_dir_sram[0].dir_sram/ram_i/FSM_sequential_pop_try_state_q[1]_i_3/O
                         net (fo=5, routed)           0.444     8.773    i_ariane/i_cva6/gen_cache_hpd.i_cache_subsystem/i_dcache/i_hpdcache/hpdcache_ctrl_i/hpdcache_memctrl_i/gen_dir_sram[0].dir_sram/ram_i/wbuf_data_valid_q_reg[0]
    SLICE_X74Y47         LUT6 (Prop_lut6_I0_O)        0.124     8.897 r  i_ariane/i_cva6/gen_cache_hpd.i_cache_subsystem/i_dcache/i_hpdcache/hpdcache_ctrl_i/hpdcache_memctrl_i/gen_dir_sram[0].dir_sram/ram_i/ldbuf_valid_q[1]_i_4/O
                         net (fo=1, routed)           0.786     9.683    i_ariane/i_cva6/gen_cache_hpd.i_cache_subsystem/i_dcache/i_hpdcache/hpdcache_ctrl_i/hpdcache_memctrl_i/gen_dir_sram[0].dir_sram/ram_i/ldbuf_valid_q[1]_i_4_n_0
    SLICE_X67Y55         LUT6 (Prop_lut6_I1_O)        0.124     9.807 f  i_ariane/i_cva6/gen_cache_hpd.i_cache_subsystem/i_dcache/i_hpdcache/hpdcache_ctrl_i/hpdcache_memctrl_i/gen_dir_sram[0].dir_sram/ram_i/ldbuf_valid_q[1]_i_3/O
                         net (fo=5, routed)           0.504    10.311    i_ariane/i_cva6/ex_stage_i/lsu_i/lsu_bypass_i/dcache_req_ports_cache_ex[1][data_rvalid]
    SLICE_X67Y62         LUT4 (Prop_lut4_I2_O)        0.124    10.435 r  i_ariane/i_cva6/ex_stage_i/lsu_i/lsu_bypass_i/i___215_i_6/O
                         net (fo=4, routed)           0.773    11.208    i_ariane/i_cva6/ex_stage_i/lsu_i/lsu_bypass_i/gen_no_mmu.pmp_exception_reg[valid]
    SLICE_X67Y71         LUT5 (Prop_lut5_I1_O)        0.124    11.332 r  i_ariane/i_cva6/ex_stage_i/lsu_i/lsu_bypass_i/i___215_i_5/O
                         net (fo=28, routed)          0.714    12.047    i_ariane/i_cva6/issue_stage_i/i_scoreboard/load_trans_id_ex_id[0]
    SLICE_X67Y76         LUT6 (Prop_lut6_I4_O)        0.124    12.171 f  i_ariane/i_cva6/issue_stage_i/i_scoreboard/i___227_i_1/O
                         net (fo=6, routed)           0.633    12.803    i_ariane/i_cva6/ex_stage_i/lsu_i/i_load_unit/i__i_12
    SLICE_X67Y74         LUT5 (Prop_lut5_I0_O)        0.124    12.927 f  i_ariane/i_cva6/ex_stage_i/lsu_i/i_load_unit/i__i_76/O
                         net (fo=3, routed)           1.037    13.964    i_ariane/i_cva6/issue_stage_i/i_scoreboard/i__i_6_1
    SLICE_X67Y79         LUT6 (Prop_lut6_I0_O)        0.124    14.088 f  i_ariane/i_cva6/issue_stage_i/i_scoreboard/i__i_33/O
                         net (fo=36, routed)          0.906    14.995    i_ariane/i_cva6/issue_stage_i/i_scoreboard/i_issue_read_operands/rs1_fwd_req[0]_98[2]
    SLICE_X81Y80         LUT6 (Prop_lut6_I1_O)        0.124    15.119 f  i_ariane/i_cva6/issue_stage_i/i_scoreboard/i__i_86/O
                         net (fo=6, routed)           0.474    15.592    i_ariane/i_cva6/issue_stage_i/i_scoreboard/i__i_86_n_0
    SLICE_X84Y82         LUT6 (Prop_lut6_I2_O)        0.124    15.716 f  i_ariane/i_cva6/issue_stage_i/i_scoreboard/i__i_61/O
                         net (fo=3, routed)           0.467    16.183    i_ariane/i_cva6/issue_stage_i/i_scoreboard/i__i_61_n_0
    SLICE_X87Y84         LUT2 (Prop_lut2_I0_O)        0.124    16.307 f  i_ariane/i_cva6/issue_stage_i/i_scoreboard/i___206_i_46/O
                         net (fo=1, routed)           0.425    16.732    i_ariane/i_cva6/issue_stage_i/i_scoreboard/i_issue_read_operands/rs1_available
    SLICE_X84Y85         LUT6 (Prop_lut6_I1_O)        0.124    16.856 r  i_ariane/i_cva6/issue_stage_i/i_scoreboard/i___206_i_27/O
                         net (fo=1, routed)           0.686    17.542    i_ariane/i_cva6/id_stage_i/alu_valid_q[0]_i_3_0
    SLICE_X67Y84         LUT4 (Prop_lut4_I3_O)        0.124    17.666 r  i_ariane/i_cva6/id_stage_i/i___206_i_13/O
                         net (fo=4, routed)           0.508    18.174    i_ariane/i_cva6/id_stage_i/i___206_i_13_n_0
    SLICE_X67Y83         LUT6 (Prop_lut6_I1_O)        0.124    18.298 f  i_ariane/i_cva6/id_stage_i/i___206_i_3/O
                         net (fo=3, routed)           0.481    18.779    i_ariane/gen_example_coprocessor.i_cvxif_coprocessor/radix_mem_reg[0]_0
    SLICE_X67Y83         LUT4 (Prop_lut4_I2_O)        0.124    18.903 f  i_ariane/gen_example_coprocessor.i_cvxif_coprocessor/i___24_i_2/O
                         net (fo=3, routed)           0.830    19.733    i_ariane/i_cva6/id_stage_i/cvxif_resp[issue_ready]
    SLICE_X67Y83         LUT3 (Prop_lut3_I0_O)        0.152    19.885 f  i_ariane/i_cva6/id_stage_i/x_transaction_rejected_o_i_2/O
                         net (fo=4, routed)           0.397    20.281    i_ariane/i_cva6/id_stage_i/issue_stage_i/i_issue_read_operands/x_transaction_rejected
    SLICE_X66Y83         LUT6 (Prop_lut6_I5_O)        0.332    20.613 r  i_ariane/i_cva6/id_stage_i/i__i_4__0/O
                         net (fo=1, routed)           0.573    21.186    i_ariane/i_cva6/id_stage_i/i__i_4__0_n_0
    SLICE_X65Y82         LUT6 (Prop_lut6_I2_O)        0.124    21.310 f  i_ariane/i_cva6/id_stage_i/i__i_3/O
                         net (fo=3, routed)           0.315    21.626    i_ariane/i_cva6/issue_stage_i/i_scoreboard/issue_ack_iro_sb
    SLICE_X65Y84         LUT2 (Prop_lut2_I1_O)        0.124    21.750 r  i_ariane/i_cva6/issue_stage_i/i_scoreboard/mem_q[7][sbe][fu][2]_i_2/O
                         net (fo=32, routed)          0.726    22.476    i_ariane/i_cva6/issue_stage_i/i_scoreboard/mem_q[7][sbe][fu][2]_i_2_n_0
    SLICE_X59Y89         LUT6 (Prop_lut6_I1_O)        0.124    22.600 f  i_ariane/i_cva6/issue_stage_i/i_scoreboard/mem_q[1][sbe][fu][2]_i_1/O
                         net (fo=5, routed)           1.115    23.715    i_ariane/i_cva6/issue_stage_i/i_scoreboard/mem_q[1][sbe][fu][2]_i_1_n_0
    SLICE_X60Y85         LUT6 (Prop_lut6_I2_O)        0.124    23.839 r  i_ariane/i_cva6/issue_stage_i/i_scoreboard/i___54/O
                         net (fo=1, routed)           0.936    24.775    i_ariane/i_cva6/issue_stage_i/i_scoreboard/i___54_n_0
    SLICE_X62Y83         LUT6 (Prop_lut6_I0_O)        0.124    24.899 f  i_ariane/i_cva6/issue_stage_i/i_scoreboard/i___52_i_2/O
                         net (fo=1, routed)           0.000    24.899    i_ariane/i_cva6/issue_stage_i/i_scoreboard/i___52_i_2_n_0
    SLICE_X62Y83         MUXF7 (Prop_muxf7_I0_O)      0.209    25.108 f  i_ariane/i_cva6/issue_stage_i/i_scoreboard/i___52_i_1/O
                         net (fo=11, routed)          0.853    25.961    i_ariane/i_cva6/issue_stage_i/i_scoreboard/i___52_i_1_n_0
    SLICE_X60Y82         LUT6 (Prop_lut6_I1_O)        0.297    26.258 r  i_ariane/i_cva6/issue_stage_i/i_scoreboard/i___40_i_2/O
                         net (fo=6, routed)           0.495    26.753    i_ariane/i_cva6/issue_stage_i/i_scoreboard/i___40_i_2_n_0
    SLICE_X59Y80         LUT6 (Prop_lut6_I3_O)        0.124    26.877 r  i_ariane/i_cva6/issue_stage_i/i_scoreboard/i___40/O
                         net (fo=1, routed)           0.858    27.735    i_ariane/i_cva6/issue_stage_i/i_scoreboard/i___40_n_0
    SLICE_X60Y79         LUT6 (Prop_lut6_I2_O)        0.124    27.859 r  i_ariane/i_cva6/issue_stage_i/i_scoreboard/i___34/O
                         net (fo=8, routed)           0.780    28.638    i_ariane/i_cva6/issue_stage_i/i_scoreboard/i___34_n_0
    SLICE_X58Y79         LUT5 (Prop_lut5_I0_O)        0.150    28.788 r  i_ariane/i_cva6/issue_stage_i/i_scoreboard/mem_q[0][sbe][rd][2]_i_1/O
                         net (fo=1, routed)           0.475    29.263    i_ariane/i_cva6/issue_stage_i/i_scoreboard/mem_q[0][sbe][rd][2]_i_1_n_0
    SLICE_X58Y79         FDCE                                         r  i_ariane/i_cva6/issue_stage_i/i_scoreboard/mem_q_reg[0][sbe][rd][2]/D
  -------------------------------------------------------------------    -------------------

                         (clock clk_out1_xlnx_clk_gen rise edge)
                                                     31.250    31.250 r  
    K17                                               0.000    31.250 r  clk_sys (IN)
                         net (fo=0)                   0.000    31.250    i_xlnx_clk_gen/inst/clk_in1
    K17                  IBUF (Prop_ibuf_I_O)         1.404    32.654 r  i_xlnx_clk_gen/inst/clkin1_ibufg/O
                         net (fo=1, routed)           1.162    33.816    i_xlnx_clk_gen/inst/clk_in1_xlnx_clk_gen
    MMCME2_ADV_X1Y2      MMCME2_ADV (Prop_mmcme2_adv_CLKIN1_CLKOUT0)
                                                     -7.814    26.002 r  i_xlnx_clk_gen/inst/mmcm_adv_inst/CLKOUT0
                         net (fo=1, routed)           2.012    28.014    i_xlnx_clk_gen/inst/clk_out1_xlnx_clk_gen
    BUFGCTRL_X0Y16       BUFG (Prop_bufg_I_O)         0.091    28.105 r  i_xlnx_clk_gen/inst/clkout1_buf/O
                         net (fo=15309, routed)       1.526    29.631    i_ariane/i_cva6/issue_stage_i/i_scoreboard/clk_out1
    SLICE_X58Y79         FDCE                                         r  i_ariane/i_cva6/issue_stage_i/i_scoreboard/mem_q_reg[0][sbe][rd][2]/C
                         clock pessimism              0.453    30.083    
                         clock uncertainty           -0.085    29.998    
    SLICE_X58Y79         FDCE (Setup_fdce_C_D)       -0.255    29.743    i_ariane/i_cva6/issue_stage_i/i_scoreboard/mem_q_reg[0][sbe][rd][2]
  -------------------------------------------------------------------
                         required time                         29.743    
                         arrival time                         -29.263    
  -------------------------------------------------------------------
                         slack                                  0.480    

Slack (MET) :             1.571ns  (required time - arrival time)
  Source:                 i_dmi_jtag/i_dmi_jtag_tap/td_o_reg/C
                            (falling edge-triggered cell FDCE clocked by tck  {rise@0.000ns fall@62.500ns period=125.000ns})
  Destination:            tdo
                            (output port clocked by tck  {rise@0.000ns fall@62.500ns period=125.000ns})
  Path Group:             tck
  Path Type:              Max at Slow Process Corner
  Requirement:            20.000ns  (MaxDelay Path 20.000ns)
  Data Path Delay:        5.606ns  (logic 4.080ns (72.787%)  route 1.526ns (27.213%))
  Logic Levels:           1  (OBUF=1)
  Output Delay:           5.000ns
  Clock Path Skew:        -7.321ns (DCD - SCD + CPR)
    Destination Clock Delay (DCD):    0.000ns
    Source Clock Delay      (SCD):    7.321ns
    Clock Pessimism Removal (CPR):    0.000ns
  Clock Uncertainty:      0.501ns  ((TSJ^2 + TIJ^2)^1/2 + DJ) / 2 + PE
    Total System Jitter     (TSJ):    0.071ns
    Total Input Jitter      (TIJ):    1.000ns
    Discrete Jitter          (DJ):    0.000ns
    Phase Error              (PE):    0.000ns
  Timing Exception:       MaxDelay Path 20.000ns

    Location             Delay type                Incr(ns)  Path(ns)    Netlist Resource(s)
  -------------------------------------------------------------------    -------------------
                         (clock tck fall edge)        0.000     0.000 f  
    H15                                               0.000     0.000 f  tck (IN)
                         net (fo=0)                   0.000     0.000    tck
    H15                  IBUF (Prop_ibuf_I_O)         1.500     1.500 f  tck_IBUF_inst/O
                         net (fo=1, routed)           3.659     5.159    tck_IBUF
    BUFGCTRL_X0Y0        BUFG (Prop_bufg_I_O)         0.101     5.260 f  tck_IBUF_BUFG_inst/O
                         net (fo=258, routed)         2.061     7.321    i_dmi_jtag/i_dmi_jtag_tap/tck_ni
    SLICE_X112Y100       FDCE                                         r  i_dmi_jtag/i_dmi_jtag_tap/td_o_reg/C  (IS_INVERTED)
  -------------------------------------------------------------------    -------------------
    SLICE_X112Y100       FDCE (Prop_fdce_C_Q)         0.524     7.845 r  i_dmi_jtag/i_dmi_jtag_tap/td_o_reg/Q
                         net (fo=1, routed)           1.526     9.371    tdo_OBUF
    J15                  OBUF (Prop_obuf_I_O)         3.556    12.927 r  tdo_OBUF_inst/O
                         net (fo=0)                   0.000    12.927    tdo
    J15                                                               r  tdo (OUT)
  -------------------------------------------------------------------    -------------------

                         max delay                   20.000    20.000    
                         clock pessimism              0.000    20.000    
                         clock uncertainty           -0.501    19.499    
                         output delay                -5.000    14.499    
  -------------------------------------------------------------------
                         required time                         14.499    
                         arrival time                         -12.927    
  -------------------------------------------------------------------
                         slack                                  1.571    

Slack (MET) :             27.190ns  (required time - arrival time)
  Source:                 i_dm_top/i_dm_csrs/dmcontrol_q_reg[ndmreset]/C
                            (rising edge-triggered cell FDCE clocked by clk_out1_xlnx_clk_gen  {rise@0.000ns fall@15.625ns period=31.250ns})
  Destination:            i_rstgen_main/i_rstgen_bypass/synch_regs_q_reg[2]/CLR
                            (recovery check against rising-edge clock clk_out1_xlnx_clk_gen  {rise@0.000ns fall@15.625ns period=31.250ns})
  Path Group:             **async_default**
  Path Type:              Recovery (Max at Slow Process Corner)
  Requirement:            31.250ns  (clk_out1_xlnx_clk_gen rise@31.250ns - clk_out1_xlnx_clk_gen rise@0.000ns)
  Data Path Delay:        3.164ns  (logic 0.606ns (19.152%)  route 2.558ns (80.848%))
  Logic Levels:           1  (LUT2=1)
  Clock Path Skew:        -0.203ns (DCD - SCD + CPR)
    Destination Clock Delay (DCD):    -1.589ns = ( 29.661 - 31.250 ) 
    Source Clock Delay      (SCD):    -0.818ns
    Clock Pessimism Removal (CPR):    0.567ns
  Clock Uncertainty:      0.085ns  ((TSJ^2 + DJ^2)^1/2) / 2 + PE
    Total System Jitter     (TSJ):    0.071ns
    Discrete Jitter          (DJ):    0.155ns
    Phase Error              (PE):    0.000ns

    Location             Delay type                Incr(ns)  Path(ns)    Netlist Resource(s)
  -------------------------------------------------------------------    -------------------
                         (clock clk_out1_xlnx_clk_gen rise edge)
                                                      0.000     0.000 r  
    K17                                               0.000     0.000 r  clk_sys (IN)
                         net (fo=0)                   0.000     0.000    i_xlnx_clk_gen/inst/clk_in1
    K17                  IBUF (Prop_ibuf_I_O)         1.475     1.475 r  i_xlnx_clk_gen/inst/clkin1_ibufg/O
                         net (fo=1, routed)           1.285     2.760    i_xlnx_clk_gen/inst/clk_in1_xlnx_clk_gen
    MMCME2_ADV_X1Y2      MMCME2_ADV (Prop_mmcme2_adv_CLKIN1_CLKOUT0)
                                                     -7.759    -4.999 r  i_xlnx_clk_gen/inst/mmcm_adv_inst/CLKOUT0
                         net (fo=1, routed)           2.206    -2.793    i_xlnx_clk_gen/inst/clk_out1_xlnx_clk_gen
    BUFGCTRL_X0Y16       BUFG (Prop_bufg_I_O)         0.101    -2.692 r  i_xlnx_clk_gen/inst/clkout1_buf/O
                         net (fo=15309, routed)       1.874    -0.818    i_dm_top/i_dm_csrs/clk_out1
    SLICE_X106Y34        FDCE                                         r  i_dm_top/i_dm_csrs/dmcontrol_q_reg[ndmreset]/C
  -------------------------------------------------------------------    -------------------
    SLICE_X106Y34        FDCE (Prop_fdce_C_Q)         0.456    -0.362 f  i_dm_top/i_dm_csrs/dmcontrol_q_reg[ndmreset]/Q
                         net (fo=3, routed)           0.813     0.451    i_dm_top/i_dm_csrs/ndmreset
    SLICE_X105Y34        LUT2 (Prop_lut2_I0_O)        0.150     0.601 f  i_dm_top/i_dm_csrs/synch_regs_q[3]_i_1/O
                         net (fo=4, routed)           1.745     2.346    i_rstgen_main/i_rstgen_bypass/synch_regs_q_reg[3]_1
    SLICE_X71Y40         FDCE                                         f  i_rstgen_main/i_rstgen_bypass/synch_regs_q_reg[2]/CLR
  -------------------------------------------------------------------    -------------------

                         (clock clk_out1_xlnx_clk_gen rise edge)
                                                     31.250    31.250 r  
    K17                                               0.000    31.250 r  clk_sys (IN)
                         net (fo=0)                   0.000    31.250    i_xlnx_clk_gen/inst/clk_in1
    K17                  IBUF (Prop_ibuf_I_O)         1.404    32.654 r  i_xlnx_clk_gen/inst/clkin1_ibufg/O
                         net (fo=1, routed)           1.162    33.816    i_xlnx_clk_gen/inst/clk_in1_xlnx_clk_gen
    MMCME2_ADV_X1Y2      MMCME2_ADV (Prop_mmcme2_adv_CLKIN1_CLKOUT0)
                                                     -7.814    26.002 r  i_xlnx_clk_gen/inst/mmcm_adv_inst/CLKOUT0
                         net (fo=1, routed)           2.012    28.014    i_xlnx_clk_gen/inst/clk_out1_xlnx_clk_gen
    BUFGCTRL_X0Y16       BUFG (Prop_bufg_I_O)         0.091    28.105 r  i_xlnx_clk_gen/inst/clkout1_buf/O
                         net (fo=15309, routed)       1.556    29.661    i_rstgen_main/i_rstgen_bypass/clk_out1
    SLICE_X71Y40         FDCE                                         r  i_rstgen_main/i_rstgen_bypass/synch_regs_q_reg[2]/C
                         clock pessimism              0.567    30.229    
                         clock uncertainty           -0.085    30.144    
    SLICE_X71Y40         FDCE (Recov_fdce_C_CLR)     -0.607    29.537    i_rstgen_main/i_rstgen_bypass/synch_regs_q_reg[2]
  -------------------------------------------------------------------
                         required time                         29.537    
                         arrival time                          -2.346    
  -------------------------------------------------------------------
                         slack                                 27.190    




